---
source: crates/cb-sema/tests/lower_snapshots.rs
expression: ir
---
fn @main() -> Void {
  locals:
    local0: a (TypeRef(Node))
    local1: arr (Array<TypeRef(Node), 1>)

  bb0:
    r0 = new_type Node
    store_local local0, r0
    r1 = new_type Node
    store_place local0.link, r1
    r2 = const_int 3
    r3 = new_array TypeRef(Node), r2
    store_local local1, r3
    r4 = new_type Node
    r5 = const_int 0
    store_place local1[r5], r4
    r6 = load_local local0
    r7 = get_field r6, link (TypeRef(Node))
    delete_rvalue r7
    r8 = load_local local1
    r9 = const_int 0
    r10 = get_element r8, r9
    delete_rvalue r10
    return
}
