---
source: crates/cb-sema/tests/lower_snapshots.rs
expression: ir
---
fn @main() -> Void {
  locals:
    local0: a (TypeRef(Mob))
    local1: b (TypeRef(Mob))
    local2: n (TypeRef(Mob))
    local3: l (TypeRef(Mob))

  bb0:
    r0 = new_type Mob
    store_local local0, r0
    r1 = new_type Mob
    store_local local1, r1
    r2 = first Mob
    store_local local2, r2
    r3 = load_local local2
    r4 = next r3
    store_local local2, r4
    r5 = load_local local2
    r6 = previous r5
    store_local local2, r6
    r7 = last Mob
    store_local local3, r7
    return
}
