---
source: crates/cb-sema/tests/lower_snapshots.rs
expression: ir
---
fn @main() -> Void {
  locals:
    local0: arr (Array<StructVal(P), 1>)
    local1: total (Int)
    local2: e (StructVal(P))
    local3: @foreach_idx_0 (Int)
    local4: @foreach_len_1 (Int)

  bb0:
    r0 = const_int 3
    r1 = new_array StructVal(P), r0
    store_local local0, r1
    r2 = load_local local0
    r3 = array_total_len r2
    store_local local4, r3
    r4 = const_int 0
    store_local local3, r4
    goto bb1
  bb1:
    r5 = load_local local3
    r6 = load_local local4
    r7 = lt r5, r6
    branch_if r7, bb2, bb4
  bb2:
    r8 = load_local local3
    r9 = load_local local0
    r10 = get_element_flat r9, r8
    store_local local2, r10
    r11 = load_local local1
    r12 = load_local local2
    r13 = get_field r12, x (Int)
    r14 = add r11, r13
    store_local local1, r14
    goto bb3
  bb3:
    r15 = load_local local3
    r16 = const_int 1
    r17 = add r15, r16
    store_local local3, r17
    goto bb1
  bb4:
    return
}
