---
source: crates/cb-frontend/tests/lexer_snapshots.rs
expression: "snapshot_fixture(\"control_flow\")"
---
Keyword(Function) @ 0..8  "Function"
Ident { sigil: None } @ 9..17  "classify"
Punct(LParen) @ 17..18  "("
Ident { sigil: None } @ 18..19  "n"
Keyword(As) @ 20..22  "As"
Keyword(Integer) @ 23..30  "Integer"
Punct(RParen) @ 30..31  ")"
Keyword(As) @ 32..34  "As"
Keyword(Integer) @ 35..42  "Integer"
Newline @ 42..43  "⏎"
Keyword(If) @ 47..49  "If"
Ident { sigil: None } @ 50..51  "n"
Op(Gt) @ 52..53  ">"
IntLit(0) @ 54..55  "0"
Keyword(Then) @ 56..60  "Then"
Newline @ 60..61  "⏎"
Keyword(Return) @ 69..75  "Return"
IntLit(1) @ 76..77  "1"
Newline @ 77..78  "⏎"
Keyword(ElseIf) @ 82..88  "ElseIf"
Ident { sigil: None } @ 89..90  "n"
Op(Eq) @ 91..92  "="
IntLit(0) @ 93..94  "0"
Keyword(Then) @ 95..99  "Then"
Newline @ 99..100  "⏎"
Keyword(Return) @ 108..114  "Return"
IntLit(0) @ 115..116  "0"
Newline @ 116..117  "⏎"
Keyword(Else) @ 121..125  "Else"
Newline @ 125..126  "⏎"
Keyword(Return) @ 134..140  "Return"
Op(Minus) @ 141..142  "-"
IntLit(1) @ 142..143  "1"
Newline @ 143..144  "⏎"
Keyword(EndIf) @ 148..153  "EndIf"
Newline @ 153..154  "⏎"
Keyword(EndFunction) @ 154..165  "EndFunction"
Newline @ 165..166  "⏎"
Newline @ 166..167  "⏎"
Keyword(While) @ 167..172  "While"
Ident { sigil: None } @ 173..180  "running"
Newline @ 180..181  "⏎"
Ident { sigil: None } @ 185..189  "work"
Punct(LParen) @ 189..190  "("
Punct(RParen) @ 190..191  ")"
Newline @ 191..192  "⏎"
Keyword(Wend) @ 192..196  "Wend"
Newline @ 196..197  "⏎"
Newline @ 197..198  "⏎"
Keyword(For) @ 198..201  "For"
Ident { sigil: None } @ 202..203  "i"
Op(Eq) @ 204..205  "="
IntLit(0) @ 206..207  "0"
Keyword(To) @ 208..210  "To"
IntLit(10) @ 211..213  "10"
Keyword(Step) @ 214..218  "Step"
IntLit(2) @ 219..220  "2"
Newline @ 220..221  "⏎"
Ident { sigil: None } @ 225..230  "visit"
Punct(LParen) @ 230..231  "("
Ident { sigil: None } @ 231..232  "i"
Punct(RParen) @ 232..233  ")"
Newline @ 233..234  "⏎"
Keyword(Next) @ 234..238  "Next"
Ident { sigil: None } @ 239..240  "i"
Newline @ 240..241  "⏎"
Newline @ 241..242  "⏎"
Keyword(Select) @ 242..248  "Select"
Ident { sigil: None } @ 249..253  "kind"
Newline @ 253..254  "⏎"
Keyword(Case) @ 258..262  "Case"
IntLit(1) @ 263..264  "1"
Newline @ 264..265  "⏎"
Ident { sigil: None } @ 273..282  "handleOne"
Punct(LParen) @ 282..283  "("
Punct(RParen) @ 283..284  ")"
Newline @ 284..285  "⏎"
Keyword(Case) @ 289..293  "Case"
IntLit(2) @ 294..295  "2"
Newline @ 295..296  "⏎"
Ident { sigil: None } @ 304..313  "handleTwo"
Punct(LParen) @ 313..314  "("
Punct(RParen) @ 314..315  ")"
Newline @ 315..316  "⏎"
Keyword(Default) @ 320..327  "Default"
Newline @ 327..328  "⏎"
Ident { sigil: None } @ 336..347  "handleOther"
Punct(LParen) @ 347..348  "("
Punct(RParen) @ 348..349  ")"
Newline @ 349..350  "⏎"
Keyword(EndSelect) @ 350..359  "EndSelect"
Newline @ 359..360  "⏎"
Eof @ 360..360  ""
