---
source: crates/cb-frontend/tests/lexer_snapshots.rs
expression: "snapshot_fixture(\"numerics\")"
---
Ident { sigil: None } @ 0..1  "a"
Op(Eq) @ 2..3  "="
IntLit(0) @ 4..5  "0"
Newline @ 5..6  "⏎"
Ident { sigil: None } @ 6..7  "b"
Op(Eq) @ 8..9  "="
IntLit(123) @ 10..13  "123"
Newline @ 13..14  "⏎"
Ident { sigil: None } @ 14..15  "c"
Op(Eq) @ 16..17  "="
IntLit(5342100) @ 18..27  "5_342_100"
Newline @ 27..28  "⏎"
Ident { sigil: None } @ 28..29  "d"
Op(Eq) @ 30..31  "="
IntLit(193764) @ 32..38  "$2f4E4"
Newline @ 38..39  "⏎"
Ident { sigil: None } @ 39..40  "e"
Op(Eq) @ 41..42  "="
IntLit(3735928559) @ 43..53  "$dead_beef"
Newline @ 53..54  "⏎"
Ident { sigil: None } @ 54..55  "f"
Op(Eq) @ 56..57  "="
IntLit(10) @ 58..63  "%1010"
Newline @ 63..64  "⏎"
Ident { sigil: None } @ 64..65  "g"
Op(Eq) @ 66..67  "="
FloatLit(FloatBits(0.23)) @ 68..72  "0.23"
Newline @ 72..73  "⏎"
Ident { sigil: None } @ 73..74  "h"
Op(Eq) @ 75..76  "="
FloatLit(FloatBits(23.205421)) @ 77..86  "23.205421"
Newline @ 86..87  "⏎"
Ident { sigil: None } @ 87..88  "i"
Op(Eq) @ 89..90  "="
FloatLit(FloatBits(1.24e24)) @ 91..98  "12.4e23"
Newline @ 98..99  "⏎"
Ident { sigil: None } @ 99..100  "j"
Op(Eq) @ 101..102  "="
FloatLit(FloatBits(1e-7)) @ 103..109  "1.0e-7"
Newline @ 109..110  "⏎"
Ident { sigil: None } @ 110..111  "k"
Op(Eq) @ 112..113  "="
FloatLit(FloatBits(6.022e23)) @ 114..123  "6.022e+23"
Newline @ 123..124  "⏎"
Ident { sigil: None } @ 124..125  "l"
Op(Eq) @ 126..127  "="
FloatLit(FloatBits(1000.5)) @ 128..135  "1_000.5"
Newline @ 135..136  "⏎"
Eof @ 136..136  ""
