---
source: crates/cb-frontend/tests/lexer_snapshots.rs
expression: "snapshot_fixture(\"strings\")"
---
Ident { sigil: Some(String) } @ 0..2  "a$"
Op(Eq) @ 3..4  "="
StrLit(Plain) @ 5..19  "\"plain string\""
Newline @ 19..20  "⏎"
Ident { sigil: Some(String) } @ 20..22  "b$"
Op(Eq) @ 23..24  "="
StrLit(Escaped) @ 25..43  "$\"escaped\\nstring\""
Newline @ 43..44  "⏎"
Ident { sigil: Some(String) } @ 44..46  "c$"
Op(Eq) @ 47..48  "="
StrLit(Raw) @ 49..86  "\"\"\"⏎    line one⏎    line two⏎    \"\"\""
Newline @ 86..87  "⏎"
Eof @ 87..87  ""
