---
source: crates/cb-frontend/tests/lexer_snapshots.rs
expression: "snapshot_fixture(\"types\")"
---
Keyword(Type) @ 0..4  "Type"
Ident { sigil: None } @ 5..11  "MyType"
Newline @ 11..12  "⏎"
Keyword(Field) @ 16..21  "Field"
Ident { sigil: None } @ 22..27  "count"
Keyword(As) @ 28..30  "As"
Keyword(Integer) @ 31..38  "Integer"
Newline @ 38..39  "⏎"
Keyword(Field) @ 43..48  "Field"
Ident { sigil: Some(String) } @ 49..54  "name$"
Newline @ 54..55  "⏎"
Keyword(Field) @ 59..64  "Field"
Ident { sigil: None } @ 65..69  "link"
Keyword(As) @ 70..72  "As"
Ident { sigil: None } @ 73..79  "MyType"
Newline @ 79..80  "⏎"
Keyword(EndType) @ 80..87  "EndType"
Newline @ 87..88  "⏎"
Newline @ 88..89  "⏎"
Keyword(Struct) @ 89..95  "Struct"
Ident { sigil: None } @ 96..100  "Vec2"
Newline @ 100..101  "⏎"
Keyword(Field) @ 105..110  "Field"
Ident { sigil: None } @ 111..112  "x"
Keyword(As) @ 113..115  "As"
Keyword(Float) @ 116..121  "Float"
Newline @ 121..122  "⏎"
Keyword(Field) @ 126..131  "Field"
Ident { sigil: None } @ 132..133  "y"
Keyword(As) @ 134..136  "As"
Keyword(Float) @ 137..142  "Float"
Newline @ 142..143  "⏎"
Keyword(EndStruct) @ 143..152  "EndStruct"
Newline @ 152..153  "⏎"
Eof @ 153..153  ""
