---
source: crates/cb-frontend/tests/parser_snapshots.rs
expression: "snapshot_parser_fixture(\"case_comma_list\")"
---
Program (1 top-level statements)
  Stmt::Select(arms=4) @ 56..195
    Expr::Ident(sigil=None) @ 63..64
    CaseArm::Case @ 69..97
      Expr::IntLit(1) @ 74..75
      Expr::IntLit(2) @ 77..78
      Expr::IntLit(3) @ 80..81
      Stmt::ExprStmt @ 90..97
        Expr::Call(args=1) @ 90..97
          Expr::Ident(sigil=None) @ 90..95
          Expr::IntLit(1) @ 96..97
    CaseArm::Case @ 102..124
      Expr::IntLit(5) @ 107..108
      Stmt::ExprStmt @ 117..124
        Expr::Call(args=1) @ 117..124
          Expr::Ident(sigil=None) @ 117..122
          Expr::IntLit(5) @ 123..124
    CaseArm::Case @ 129..157
      Expr::IntLit(10) @ 134..136
      Expr::IntLit(20) @ 138..140
      Stmt::ExprStmt @ 149..157
        Expr::Call(args=1) @ 149..157
          Expr::Ident(sigil=None) @ 149..154
          Expr::IntLit(10) @ 155..157
    CaseArm::Default @ 162..185
      Stmt::ExprStmt @ 178..185
        Expr::Call(args=1) @ 178..185
          Expr::Ident(sigil=None) @ 178..183
          Expr::IntLit(0) @ 184..185
