---
source: crates/cb-frontend/tests/parser_snapshots.rs
expression: "snapshot_parser_fixture(\"single_line_if_empty\")"
---
Program (4 top-level statements)
  Stmt::If(form=SingleLine, elseifs=0, has_else=false) @ 335..337
    Expr::BinOp(Gt) @ 338..343
      Expr::Ident(sigil=None) @ 338..339
      Expr::IntLit(0) @ 342..343
  Stmt::Assign @ 351..356
    Expr::Ident(sigil=None) @ 351..352
    Expr::IntLit(1) @ 355..356
  Stmt::If(form=SingleLine, elseifs=0, has_else=true) @ 413..437
    Expr::BinOp(Gt) @ 416..421
      Expr::Ident(sigil=None) @ 416..417
      Expr::IntLit(0) @ 420..421
    Stmt::Assign @ 432..437
      Expr::Ident(sigil=None) @ 432..433
      Expr::IntLit(2) @ 436..437
  Stmt::If(form=SingleLine, elseifs=0, has_else=true) @ 548..567
    Expr::BinOp(Gt) @ 551..556
      Expr::Ident(sigil=None) @ 551..552
      Expr::IntLit(0) @ 555..556
    Stmt::Assign @ 562..567
      Expr::Ident(sigil=None) @ 562..563
      Expr::IntLit(3) @ 566..567

--- DIAGNOSTICS ---
ERROR[E0215] single-line `If` requires at least one statement after `Then` @ 349..350
ERROR[E0215] single-line `If` requires at least one statement after `Then` @ 427..431
ERROR[E0215] single-line `If` requires at least one statement after `Else` @ 573..574
