---
source: crates/cb-frontend/tests/parser_snapshots.rs
assertion_line: 483
expression: "snapshot_parser_fixture(\"parser_loops\")"
---
Program (8 top-level statements)
  Stmt::While @ 27..56
    Expr::Ident(sigil=None) @ 33..40
    Stmt::ExprStmt @ 45..51
      Expr::Call(args=0) @ 45..51
        Expr::Ident(sigil=None) @ 45..49
  Stmt::RepeatForever @ 114..197
    Stmt::Assign @ 125..143
      Expr::Ident(sigil=String) @ 125..130
      Expr::Call(args=0) @ 133..143
        Expr::Ident(sigil=None) @ 133..141
    Stmt::If(form=SingleLine, elseifs=0, has_else=false) @ 148..171
      Expr::BinOp(Eq) @ 151..160
        Expr::Ident(sigil=None) @ 151..155
        Expr::StrLit("", Plain) @ 158..160
      Stmt::Break @ 166..171
    Stmt::ExprStmt @ 176..189
      Expr::Call(args=1) @ 176..189
        Expr::Ident(sigil=None) @ 176..183
        Expr::Ident(sigil=None) @ 184..188
  Stmt::RepeatWhile @ 243..277
    Stmt::ExprStmt @ 254..260
      Expr::Call(args=0) @ 254..260
        Expr::Ident(sigil=None) @ 254..258
    Expr::Call(args=0) @ 267..277
      Expr::Ident(sigil=None) @ 267..275
  Stmt::RepeatUntil @ 342..372
    Stmt::ExprStmt @ 353..359
      Expr::Call(args=0) @ 353..359
        Expr::Ident(sigil=None) @ 353..357
    Expr::Call(args=0) @ 366..372
      Expr::Ident(sigil=None) @ 366..370
  Stmt::For(has_step=true, has_next_name=true) @ 420..459
    Expr::Ident(sigil=None) @ 424..425
    Expr::IntLit(0) @ 428..429
    Expr::IntLit(10) @ 433..435
    Expr::IntLit(2) @ 441..442
    Stmt::ExprStmt @ 447..454
      Expr::Call(args=1) @ 447..454
        Expr::Ident(sigil=None) @ 447..452
        Expr::Ident(sigil=None) @ 453..454
  Stmt::For(has_step=true, has_next_name=false) @ 518..558
    Expr::Ident(sigil=None) @ 522..523
    Expr::IntLit(10) @ 526..528
    Expr::IntLit(0) @ 532..533
    Expr::UnOp(Neg) @ 539..541
      Expr::IntLit(1) @ 540..541
    Stmt::ExprStmt @ 546..553
      Expr::Call(args=1) @ 546..553
        Expr::Ident(sigil=None) @ 546..551
        Expr::Ident(sigil=None) @ 552..553
  Stmt::ForEach(has_next_name=true) @ 587..627
    Expr::Ident(sigil=None) @ 591..594
    Expr::Ident(sigil=None) @ 602..608
    Stmt::ExprStmt @ 613..622
      Expr::Call(args=1) @ 613..622
        Expr::Ident(sigil=None) @ 613..618
        Expr::Ident(sigil=None) @ 619..622
  Stmt::ForEach(has_next_name=true) @ 670..719
    Expr::Ident(sigil=None) @ 674..678
    Expr::Ident(sigil=None) @ 686..692
    Stmt::ExprStmt @ 697..714
      Expr::Call(args=1) @ 697..714
        Expr::Ident(sigil=None) @ 697..702
        Expr::Field @ 703..714
          Expr::Ident(sigil=None) @ 703..707
