---
source: crates/cb-frontend/tests/parser_snapshots.rs
expression: "snapshot_parser_fixture(\"parser_if\")"
---
Program (6 top-level statements)
  Stmt::If(form=Block, elseifs=1, has_else=true) @ 34..137
    Expr::BinOp(Gt) @ 37..47
      Expr::Ident(sigil=None) @ 37..42
      Expr::IntLit(90) @ 45..47
    Stmt::Assign @ 57..69
      Expr::Ident(sigil=String) @ 57..63
      Expr::StrLit("A", Plain) @ 66..69
    Expr::BinOp(Gt) @ 77..87
      Expr::Ident(sigil=None) @ 77..82
      Expr::IntLit(80) @ 85..87
    Stmt::Assign @ 97..109
      Expr::Ident(sigil=String) @ 97..103
      Expr::StrLit("B", Plain) @ 106..109
    Stmt::Assign @ 119..131
      Expr::Ident(sigil=String) @ 119..125
      Expr::StrLit("C", Plain) @ 128..131
  Stmt::If(form=SingleLine, elseifs=0, has_else=false) @ 167..188
    Expr::Ident(sigil=None) @ 170..175
    Stmt::ExprStmt @ 181..188
      Expr::Call(args=0) @ 181..188
        Expr::Ident(sigil=None) @ 181..186
  Stmt::If(form=SingleLine, elseifs=0, has_else=true) @ 219..252
    Expr::Ident(sigil=None) @ 222..227
    Stmt::ExprStmt @ 233..240
      Expr::Call(args=0) @ 233..240
        Expr::Ident(sigil=None) @ 233..238
    Stmt::ExprStmt @ 246..252
      Expr::Call(args=0) @ 246..252
        Expr::Ident(sigil=None) @ 246..250
  Stmt::If(form=SingleLine, elseifs=0, has_else=true) @ 305..351
    Expr::BinOp(Gt) @ 308..313
      Expr::Ident(sigil=None) @ 308..309
      Expr::IntLit(0) @ 312..313
    Stmt::Assign @ 319..324
      Expr::Ident(sigil=None) @ 319..320
      Expr::IntLit(1) @ 323..324
    Stmt::Assign @ 327..332
      Expr::Ident(sigil=None) @ 327..328
      Expr::IntLit(2) @ 331..332
    Stmt::Assign @ 338..343
      Expr::Ident(sigil=None) @ 338..339
      Expr::IntLit(3) @ 342..343
    Stmt::Assign @ 346..351
      Expr::Ident(sigil=None) @ 346..347
      Expr::IntLit(4) @ 350..351
  Stmt::If(form=Block, elseifs=1, has_else=true) @ 394..487
    Expr::BinOp(Gt) @ 397..402
      Expr::Ident(sigil=None) @ 397..398
      Expr::IntLit(0) @ 401..402
    Stmt::ExprStmt @ 412..423
      Expr::Call(args=1) @ 412..423
        Expr::Ident(sigil=None) @ 412..417
        Expr::StrLit("pos", Plain) @ 418..423
    Expr::BinOp(Eq) @ 432..437
      Expr::Ident(sigil=None) @ 432..433
      Expr::IntLit(0) @ 436..437
    Stmt::ExprStmt @ 447..459
      Expr::Call(args=1) @ 447..459
        Expr::Ident(sigil=None) @ 447..452
        Expr::StrLit("zero", Plain) @ 453..459
    Stmt::ExprStmt @ 469..480
      Expr::Call(args=1) @ 469..480
        Expr::Ident(sigil=None) @ 469..474
        Expr::StrLit("neg", Plain) @ 475..480
  Stmt::If(form=Block, elseifs=0, has_else=false) @ 527..595
    Expr::Ident(sigil=None) @ 530..535
    Stmt::If(form=Block, elseifs=0, has_else=false) @ 545..589
      Expr::Ident(sigil=None) @ 548..553
      Stmt::ExprStmt @ 567..579
        Expr::Call(args=1) @ 567..579
          Expr::Ident(sigil=None) @ 567..572
          Expr::StrLit("both", Plain) @ 573..579
