---
source: crates/cb-frontend/tests/parser_snapshots.rs
expression: "snapshot_parser_fixture(\"next_with_sigil\")"
---
Program (5 top-level statements)
  Stmt::For(has_step=false, has_next_name=true) @ 138..172
    Expr::Ident(sigil=Integer) @ 142..144
    Expr::IntLit(0) @ 147..148
    Expr::IntLit(10) @ 152..154
    Stmt::ExprStmt @ 159..167
      Expr::Call(args=1) @ 159..167
        Expr::Ident(sigil=None) @ 159..164
        Expr::Ident(sigil=Integer) @ 165..167
  Stmt::For(has_step=false, has_next_name=true) @ 235..266
    Expr::Ident(sigil=None) @ 239..240
    Expr::IntLit(0) @ 243..244
    Expr::IntLit(5) @ 248..249
    Stmt::ExprStmt @ 254..261
      Expr::Call(args=1) @ 254..261
        Expr::Ident(sigil=None) @ 254..259
        Expr::Ident(sigil=None) @ 260..261
  Stmt::For(has_step=false, has_next_name=true) @ 321..354
    Expr::Ident(sigil=Integer) @ 325..327
    Expr::IntLit(0) @ 330..331
    Expr::IntLit(3) @ 335..336
    Stmt::ExprStmt @ 341..349
      Expr::Call(args=1) @ 341..349
        Expr::Ident(sigil=None) @ 341..346
        Expr::Ident(sigil=Integer) @ 347..349
  Stmt::For(has_step=false, has_next_name=true) @ 410..441
    Expr::Ident(sigil=None) @ 414..415
    Expr::IntLit(0) @ 418..419
    Expr::IntLit(2) @ 423..424
    Stmt::ExprStmt @ 429..436
      Expr::Call(args=1) @ 429..436
        Expr::Ident(sigil=None) @ 429..434
        Expr::Ident(sigil=None) @ 435..436
  Stmt::ForEach(has_next_name=true) @ 482..520
    Expr::Ident(sigil=Float) @ 486..488
    Expr::Ident(sigil=None) @ 496..502
    Stmt::ExprStmt @ 507..515
      Expr::Call(args=1) @ 507..515
        Expr::Ident(sigil=None) @ 507..512
        Expr::Ident(sigil=Float) @ 513..515

--- DIAGNOSTICS ---
ERROR[E0217] `Next` name has no sigil but the loop variable has sigil `%` @ 355..356
ERROR[E0217] `Next` name has sigil `#` but the loop variable has no sigil @ 442..444
