---
source: crates/cb-frontend/tests/parser_snapshots.rs
expression: "snapshot_parser_fixture(\"delete_statement\")"
---
Program (8 top-level statements)
  Stmt::Delete @ 307..315
    Expr::Ident(sigil=None) @ 314..315
  Stmt::Delete @ 316..331
    Expr::Field @ 323..331
      Expr::Ident(sigil=None) @ 323..324
  Stmt::Delete @ 332..345
    Expr::Index(rank=1) @ 339..345
      Expr::Ident(sigil=None) @ 339..342
      Expr::IntLit(0) @ 343..344
  Stmt::Delete @ 512..532
    Expr::Call(args=1) @ 519..532
      Expr::Ident(sigil=None) @ 519..524
      Expr::Ident(sigil=None) @ 525..531
  Stmt::If(form=SingleLine, elseifs=0, has_else=false) @ 672..695
    Expr::Field @ 675..681
      Expr::Ident(sigil=None) @ 675..676
    Stmt::Delete @ 687..695
      Expr::Ident(sigil=None) @ 694..695
  Stmt::Error @ 819..820
  Stmt::Error @ 1020..1021
  Stmt::ExprStmt @ 1022..1029
    Expr::Call(args=1) @ 1022..1029
      Expr::Ident(sigil=None) @ 1022..1027
      Expr::IntLit(1) @ 1028..1029

--- DIAGNOSTICS ---
ERROR[E0206] expected expression, found end of line @ 819..820
ERROR[E0206] expected expression, found `:` @ 1020..1021
