---
source: crates/cb-frontend/tests/parser_snapshots.rs
expression: "snapshot_parser_fixture(\"parser_strings\")"
---
Program (4 top-level statements)
  Stmt::Assign @ 32..41
    Expr::Ident(sigil=String) @ 32..34
    Expr::StrLit("hi", Plain) @ 37..41
  Stmt::Assign @ 102..119
    Expr::Ident(sigil=String) @ 102..104
    Expr::StrLit("a\nb\tc\"", Escaped) @ 107..119
  Stmt::Assign @ 166..183
    Expr::Ident(sigil=String) @ 166..168
    Expr::StrLit("ÿ byte", Escaped) @ 171..183
  Stmt::Assign @ 266..308
    Expr::Ident(sigil=String) @ 266..268
    Expr::StrLit("line one\nline two\n", Raw) @ 271..308
