---
source: crates/cb-ir/tests/print_snapshots.rs
expression: "print_program(&prog, &i)"
---
fn types() -> Void {
  locals:
    local0: v (Byte)
    local1: v (Short)
    local2: v (Int)
    local3: v (Long)
    local4: v (Float)
    local5: v (String)
    local6: v (Array<Int, 2>)
    local7: v (TypeRef(Enemy))
    local8: v (StructVal(Vec2))
    local9: v (FnPtr(Int, Float) -> Int)
    local10: v (RuntimeType(Image))
    local11: v (Null)
    local12: v (Void)

  bb0:
    return
}
